A51 MACRO ASSEMBLER  SEVEN_FIN                                                            08/18/2014 14:31:27 PAGE     1


MACRO ASSEMBLER A51 V8.02
OBJECT MODULE PLACED IN SEVEN_fin.OBJ
ASSEMBLER INVOKED BY: C:\Keil\C51\BIN\A51.EXE SEVEN_fin.ASM SET(SMALL) DEBUG EP

LOC  OBJ            LINE     SOURCE

                       1     EXTRN   CODE(FLOOK_TABLE )
                       2     
  0090                 3     DIP_SW   EQU    P1
  00A0                 4     SEVEN    EQU    P2
                       5     
0000                   6     ORG             00H
0000 8000              7     JMP             START
                       8     
0002 900015            9     START:  MOV     DPTR,#SEVEN_TABLE
0005 7590FF           10     LOOP:   MOV     P1,#0FFH                   
0008 E590             11                     MOV     A, DIP_SW                  
000A 64FF             12                     XRL             A,#0FFH                    
000C F9               13                     MOV     R1,A
000D 120000   F       14                     CALL            FLOOK_TABLE
0010 EA               15                     MOV     A,R2 
0011 F5A0             16                     MOV     SEVEN,A
0013 80F0             17                     JMP             LOOP
                      18     
0015                  19     SEVEN_TABLE:    
0015 C0F9A4B0         20     DB      0C0H,0F9H,0A4H,0B0H,099H,092H,082H,0F8H,080H,098H
0019 999282F8                
001D 8098                    
001F 22               21     RET
                      22     
                      23     END
                             
A51 MACRO ASSEMBLER  SEVEN_FIN                                                            08/18/2014 14:31:27 PAGE     2

SYMBOL TABLE LISTING
------ ----- -------


N A M E             T Y P E  V A L U E   ATTRIBUTES

DIP_SW . . . . . .  D ADDR   0090H   A   
FLOOK_TABLE. . . .  C ADDR   -----       EXT
LOOP . . . . . . .  C ADDR   0005H   A   
P1 . . . . . . . .  D ADDR   0090H   A   
P2 . . . . . . . .  D ADDR   00A0H   A   
SEVEN. . . . . . .  D ADDR   00A0H   A   
SEVEN_TABLE. . . .  C ADDR   0015H   A   
START. . . . . . .  C ADDR   0002H   A   


REGISTER BANK(S) USED: 0 


ASSEMBLY COMPLETE.  0 WARNING(S), 0 ERROR(S)
